Microchip MPLAB XC8 Compiler V2.36

Linker command line:

-W-3 --edf=C:\Program Files\Microchip\xc8\v2.36\pic\dat\en_msgs.txt -cn \
  -h+dist/default/production\ConversorAD-I.X.production.sym \
  --cmf=dist/default/production\ConversorAD-I.X.production.cmf -z -Q18F4550 \
  -oC:\Users\gaabriel\AppData\Local\Temp\xcAsdm0.4 --defsym=__MPLAB_BUILD=1 \
  -Mdist/default/production/ConversorAD-I.X.production.map \
  --md=C:\Users\gaabriel\AppData\Local\Temp\xcAsdm0.dat -E1 \
  -ver=XC8 Compiler --acfsm=1493 -ACODE=00h-07FFFh -ACONST=00h-07FFFh \
  -ASMALLCONST=0800h-08FFhx120 -AMEDIUMCONST=0800h-07FFFh -ACOMRAM=01h-05Fh \
  -AABS1=00h-07FFh -ABIGRAM=01h-07FFh -ARAM=060h-0FFh,0100h-01FFhx7 \
  -ABANK0=060h-0FFh -ABANK1=0100h-01FFh -ABANK2=0200h-02FFh \
  -ABANK3=0300h-03FFh -ABANK4=0400h-04FFh -ABANK5=0500h-05FFh \
  -ABANK6=0600h-06FFh -ABANK7=0700h-07FFh -ASFR=0F60h-0FFFh \
  -ABIGSFR=0F60h-0FFFh -ACONFIG=0300000h-030000Dh -AIDLOC=0200000h-0200007h \
  -AEEDATA=0F00000h-0F000FFh -peeprom_data=EEDATA \
  -preset_vec=00h,intcode,intcodelo,powerup,init -pramtop=0800h \
  -psmallconst=SMALLCONST -pmediumconst=MEDIUMCONST -pconst=CONST \
  -AFARRAM=00h-00h \
  -prdata=COMRAM,nvrram=COMRAM,nvbit=COMRAM,rbss=COMRAM,rbit=COMRAM \
  -pfarbss=FARRAM,fardata=FARRAM,nvFARRAM=FARRAM \
  -pintsave_regs=BIGRAM,bigbss=BIGRAM,bigdata=BIGRAM -pbss=RAM \
  -pidata=CODE,irdata=CODE,ibigdata=CODE,ifardata=CODE -prparam=COMRAM \
  C:\Users\gaabriel\AppData\Local\Temp\xcAsdm0.o \
  dist/default/production\ConversorAD-I.X.production.o 

Object code version is 3.11

Machine type is 18F4550



                Name                               Link     Load   Length Selector   Space Scale
C:\Users\gaabriel\AppData\Local\Temp\xcAsdm0.o
                idloc                            200000   200000        8        0       5
                config                           300000   300000        E        0       4
                init                                  0        0        4        0       0
dist/default/production\ConversorAD-I.X.production.o
                idloc                            200000   200000        8        0       5
                config                           300000   300000        E        0       4
                text13                             6A38     6A38        A     351C       0
                text12                             6FB6     6FB6      1B4     37DB       0
                text11                             6AF0     6AF0       52     3578       0
                text10                             737C     737C      39A     39BE       0
                text9                              6C24     6C24      104     3612       0
                text8                              7716     7716      42A     3B8B       0
                text7                              7B40     7B40      4C0     3DA0       0
                text6                              6AAA     6AAA       46     3555       0
                text5                              6D28     6D28      106     3694       0
                text4                              6A42     6A42       1C     3521       0
                text3                              716A     716A      212     38B5       0
                text2                              6E2E     6E2E      188     3717       0
                text1                              6A5E     6A5E       1E     352F       0
                text0                              6B42     6B42       E2     35A1       0
                cstackCOMRAM                          1        1       57        1       1
                dataBANK0                            60       60        7       60       1
                bssCOMRAM                            58       58        4        1       1
                cinit                              6A7C     6A7C       2E     353E       0
                idataBANK0                         6A31     6A31        7     6A31       0

TOTAL           Name                               Link     Load   Length     Space
        CLASS   CODE           
                init                                  0        0        4         0
                text13                             6A38     6A38        A         0
                text12                             6FB6     6FB6      1B4         0
                text11                             6AF0     6AF0       52         0
                text10                             737C     737C      39A         0
                text9                              6C24     6C24      104         0
                text8                              7716     7716      42A         0
                text7                              7B40     7B40      4C0         0
                text6                              6AAA     6AAA       46         0
                text5                              6D28     6D28      106         0
                text4                              6A42     6A42       1C         0
                text3                              716A     716A      212         0
                text2                              6E2E     6E2E      188         0
                text1                              6A5E     6A5E       1E         0
                text0                              6B42     6B42       E2         0
                cinit                              6A7C     6A7C       2E         0
                idataBANK0                         6A31     6A31        7         0

        CLASS   CONST          

        CLASS   SMALLCONST     

        CLASS   MEDIUMCONST    

        CLASS   COMRAM         
                cstackCOMRAM                          1        1       57         1
                bssCOMRAM                            58       58        4         1

        CLASS   ABS1           

        CLASS   BIGRAM         

        CLASS   RAM            

        CLASS   BANK0          
                dataBANK0                            60       60        7         1

        CLASS   BANK1          

        CLASS   BANK2          

        CLASS   BANK3          

        CLASS   BANK4          

        CLASS   BANK5          

        CLASS   BANK6          

        CLASS   BANK7          

        CLASS   SFR            

        CLASS   BIGSFR         

        CLASS   CONFIG         
                config                           300000   300000        E         4

        CLASS   IDLOC          
                idloc                            200000   200000        8         5

        CLASS   EEDATA         

        CLASS   FARRAM         

        CLASS   HEAP           

        CLASS   STACK          



SEGMENTS        Name                           Load    Length   Top    Selector   Space  Class

                reset_vec                      000000  000004  000004         0       0  CODE    
                cstackCOMRAM                   000001  00005B  00005C         1       1  COMRAM  
                dataBANK0                      000060  000007  000067        60       1  BANK0   
                idataBANK0                     006A31  000007  006A38      6A31       0  CODE    
                text13                         006A38  00000A  006A42      351C       0  CODE    
                text4                          006A42  00001C  006A5E      3521       0  CODE    
                text1                          006A5E  00001E  006A7C      352F       0  CODE    
                cinit                          006A7C  00002E  006AAA      353E       0  CODE    
                text6                          006AAA  000046  006AF0      3555       0  CODE    
                text11                         006AF0  000052  006B42      3578       0  CODE    
                text0                          006B42  0000E2  006C24      35A1       0  CODE    
                text9                          006C24  000104  006D28      3612       0  CODE    
                text5                          006D28  000106  006E2E      3694       0  CODE    
                text2                          006E2E  000188  006FB6      3717       0  CODE    
                text12                         006FB6  0001B4  00716A      37DB       0  CODE    
                text3                          00716A  000212  00737C      38B5       0  CODE    
                text10                         00737C  00039A  007716      39BE       0  CODE    
                text8                          007716  00042A  007B40      3B8B       0  CODE    
                text7                          007B40  0004C0  008000      3DA0       0  CODE    


UNUSED ADDRESS RANGES

        Name                Unused          Largest block    Delta
        BANK0            000067-0000FF               99
        BANK1            000100-0001FF              100
        BANK2            000200-0002FF              100
        BANK3            000300-0003FF              100
        BANK4            000400-0004FF              100
        BANK5            000500-0005FF              100
        BANK6            000600-0006FF              100
        BANK7            000700-0007FF              100
        BIGRAM           00005C-00005F                4
                         000067-0007FF              799
        BIGSFR           000F60-000FFF               A0
        CODE             000004-006A30             6A2D
        COMRAM           00005C-00005F                4
        CONST            000004-006A30             6A2D
        EEDATA           F00000-F000FF              100
        MEDIUMCONST      000800-006A30             6231
        RAM              000067-0007FF              100
        SFR              000F60-000FFF               A0
        SMALLCONST       000800-006A30              100

                                  Symbol Table

?___fladd                        cstackCOMRAM 000001
?___fldiv                        cstackCOMRAM 000028
?___flmul                        cstackCOMRAM 00000F
?___flsub                        cstackCOMRAM 000011
?___fltol                        cstackCOMRAM 000001
?___xxtofl                       cstackCOMRAM 000001
?_floorf                         cstackCOMRAM 000001
_ADCON0                          (abs)        000FC2
_ADCON0bits                      (abs)        000FC2
_ADCON1                          (abs)        000FC1
_ADCON2                          (abs)        000FC0
_ADRESH                          (abs)        000FC4
_ADRESL                          (abs)        000FC3
_PIC_init                        text13       006A38
_PORTD                           (abs)        000F83
_PORTEbits                       (abs)        000F84
_TRISD                           (abs)        000F95
_TRISE                           (abs)        000F96
__HRAM                           (abs)        000000
__Habs1                          abs1         000000
__Hbank0                         bank0        000000
__Hbank1                         bank1        000000
__Hbank2                         bank2        000000
__Hbank3                         bank3        000000
__Hbank4                         bank4        000000
__Hbank5                         bank5        000000
__Hbank6                         bank6        000000
__Hbank7                         bank7        000000
__Hbigbss                        bigbss       000000
__Hbigdata                       bigdata      000000
__Hbigram                        bigram       000000
__Hbigsfr                        bigsfr       000000
__Hbss                           bss          000000
__HbssCOMRAM                     bssCOMRAM    000000
__Hcinit                         cinit        000000
__Hclrtext                       clrtext      000000
__Hcomram                        comram       000000
__Hconfig                        config       30000E
__Hconst                         const        000000
__HcstackCOMRAM                  cstackCOMRAM 000000
__Hdata                          data         000000
__HdataBANK0                     dataBANK0    000000
__Heeprom_data                   eeprom_data  000000
__Hfarbss                        farbss       000000
__Hfardata                       fardata      000000
__Hheap                          heap         000000
__Hibigdata                      ibigdata     000000
__Hidata                         idata        000000
__HidataBANK0                    idataBANK0   000000
__Hidloc                         idloc        200008
__Hifardata                      ifardata     000000
__Hinit                          init         000004
__Hintcode                       intcode      000000
__Hintcode_body                  intcode_body 000000
__Hintcodelo                     intcodelo    000000
__Hintentry                      intentry     000000
__Hintret                        intret       000000
__Hintsave_regs                  intsave_regs 000000
__Hirdata                        irdata       000000
__Hmediumconst                   mediumconst  000000
__HnvFARRAM                      nvFARRAM     000000
__Hnvbit                         nvbit        000000
__Hnvrram                        nvrram       000000
__Hparam                         rparam       000000
__Hpowerup                       powerup      000000
__Hram                           ram          000000
__Hramtop                        ramtop       000800
__Hrbit                          rbit         000000
__Hrbss                          rbss         000000
__Hrdata                         rdata        000000
__Hreset_vec                     reset_vec    000000
__Hrparam                        rparam       000000
__Hsfr                           sfr          000000
__Hsmallconst                    smallconst   000000
__Hspace_0                       (abs)        008000
__Hspace_1                       (abs)        000067
__Hspace_2                       (abs)        000000
__Hspace_4                       (abs)        60000E
__Hstack                         stack        000000
__Hstruct                        struct       000000
__Htemp                          temp         000000
__Htext                          text         000000
__Htext0                         text0        000000
__Htext1                         text1        000000
__Htext10                        text10       000000
__Htext11                        text11       000000
__Htext12                        text12       000000
__Htext13                        text13       000000
__Htext2                         text2        000000
__Htext3                         text3        000000
__Htext4                         text4        000000
__Htext5                         text5        000000
__Htext6                         text6        000000
__Htext7                         text7        000000
__Htext8                         text8        000000
__Htext9                         text9        000000
__LRAM                           (abs)        000001
__Labs1                          abs1         000000
__Lbank0                         bank0        000000
__Lbank1                         bank1        000000
__Lbank2                         bank2        000000
__Lbank3                         bank3        000000
__Lbank4                         bank4        000000
__Lbank5                         bank5        000000
__Lbank6                         bank6        000000
__Lbank7                         bank7        000000
__Lbigbss                        bigbss       000000
__Lbigdata                       bigdata      000000
__Lbigram                        bigram       000000
__Lbigsfr                        bigsfr       000000
__Lbss                           bss          000000
__LbssCOMRAM                     bssCOMRAM    000000
__Lcinit                         cinit        000000
__Lclrtext                       clrtext      000000
__Lcomram                        comram       000000
__Lconfig                        config       000000
__Lconst                         const        000000
__LcstackCOMRAM                  cstackCOMRAM 000000
__Ldata                          data         000000
__LdataBANK0                     dataBANK0    000000
__Leeprom_data                   eeprom_data  000000
__Lfarbss                        farbss       000000
__Lfardata                       fardata      000000
__Lheap                          heap         000000
__Libigdata                      ibigdata     000000
__Lidata                         idata        000000
__LidataBANK0                    idataBANK0   000000
__Lidloc                         idloc        000000
__Lifardata                      ifardata     000000
__Linit                          init         000000
__Lintcode                       intcode      000000
__Lintcode_body                  intcode_body 000000
__Lintcodelo                     intcodelo    000000
__Lintentry                      intentry     000000
__Lintret                        intret       000000
__Lintsave_regs                  intsave_regs 000000
__Lirdata                        irdata       000000
__Lmediumconst                   mediumconst  000000
__LnvFARRAM                      nvFARRAM     000000
__Lnvbit                         nvbit        000000
__Lnvrram                        nvrram       000000
__Lparam                         rparam       000000
__Lpowerup                       powerup      000000
__Lram                           ram          000000
__Lramtop                        ramtop       000800
__Lrbit                          rbit         000000
__Lrbss                          rbss         000000
__Lrdata                         rdata        000000
__Lreset_vec                     reset_vec    000000
__Lrparam                        rparam       000000
__Lsfr                           sfr          000000
__Lsmallconst                    smallconst   000000
__Lspace_0                       (abs)        000000
__Lspace_1                       (abs)        000000
__Lspace_2                       (abs)        000000
__Lspace_4                       (abs)        000000
__Lstack                         stack        000000
__Lstruct                        struct       000000
__Ltemp                          temp         000000
__Ltext                          text         000000
__Ltext0                         text0        000000
__Ltext1                         text1        000000
__Ltext10                        text10       000000
__Ltext11                        text11       000000
__Ltext12                        text12       000000
__Ltext13                        text13       000000
__Ltext2                         text2        000000
__Ltext3                         text3        000000
__Ltext4                         text4        000000
__Ltext5                         text5        000000
__Ltext6                         text6        000000
__Ltext7                         text7        000000
__Ltext8                         text8        000000
__Ltext9                         text9        000000
__S0                             (abs)        008000
__S1                             (abs)        000067
__S4                             (abs)        000000
__S5                             (abs)        000000
___fladd                         text7        007B40
___fladd@a                       cstackCOMRAM 000005
___fladd@aexp                    cstackCOMRAM 00000E
___fladd@b                       cstackCOMRAM 000001
___fladd@bexp                    cstackCOMRAM 00000F
___fladd@grs                     cstackCOMRAM 000010
___fladd@signs                   cstackCOMRAM 00000D
___fldiv                         text10       00737C
___fldiv@a                       cstackCOMRAM 00002C
___fldiv@aexp                    cstackCOMRAM 000040
___fldiv@b                       cstackCOMRAM 000028
___fldiv@bexp                    cstackCOMRAM 00003F
___fldiv@grs                     cstackCOMRAM 00003B
___fldiv@new_exp                 cstackCOMRAM 000039
___fldiv@rem                     cstackCOMRAM 000034
___fldiv@sign                    cstackCOMRAM 000038
___flge                          text9        006C24
___flge@ff1                      cstackCOMRAM 000001
___flge@ff2                      cstackCOMRAM 000005
___flmul                         text8        007716
___flmul@a                       cstackCOMRAM 000013
___flmul@aexp                    cstackCOMRAM 000020
___flmul@b                       cstackCOMRAM 00000F
___flmul@bexp                    cstackCOMRAM 000021
___flmul@grs                     cstackCOMRAM 00001C
___flmul@prod                    cstackCOMRAM 000022
___flmul@sign                    cstackCOMRAM 00001B
___flmul@temp                    cstackCOMRAM 000026
___flsub                         text6        006AAA
___flsub@a                       cstackCOMRAM 000015
___flsub@b                       cstackCOMRAM 000011
___fltol                         text5        006D28
___fltol@exp1                    cstackCOMRAM 00000A
___fltol@f1                      cstackCOMRAM 000001
___fltol@sign1                   cstackCOMRAM 000009
___heap_hi                       (abs)        000000
___heap_lo                       (abs)        000000
___inthi_sp                      stack        000000
___intlo_sp                      stack        000000
___param_bank                    (abs)        000000
___rparam_used                   (abs)        000001
___sp                            stack        000000
___xxtofl                        text12       006FB6
___xxtofl@arg                    cstackCOMRAM 00000B
___xxtofl@exp                    cstackCOMRAM 00000A
___xxtofl@sign                   cstackCOMRAM 000009
___xxtofl@val                    cstackCOMRAM 000001
__accesstop                      (abs)        000060
__activetblptr                   (abs)        000000
__end_of_PIC_init                text13       006A42
__end_of___fladd                 text7        008000
__end_of___fldiv                 text10       007716
__end_of___flge                  text9        006D28
__end_of___flmul                 text8        007B40
__end_of___flsub                 text6        006AF0
__end_of___fltol                 text5        006E2E
__end_of___xxtofl                text12       00716A
__end_of__initialization         cinit        006AA4
__end_of_config_lcd              text11       006B42
__end_of_escrever_char           text4        006A5E
__end_of_escrever_num_frac       text2        006FB6
__end_of_floorf                  text3        00737C
__end_of_limpa_tela              text1        006A7C
__end_of_main                    text0        006C24
__initialization                 cinit        006A7C
__mediumconst                    mediumconst  000000
__pbssCOMRAM                     bssCOMRAM    000058
__pcinit                         cinit        006A7C
__pcstackCOMRAM                  cstackCOMRAM 000001
__pdataBANK0                     dataBANK0    000060
__pidataBANK0                    idataBANK0   006A31
__ptext0                         text0        006B42
__ptext1                         text1        006A5E
__ptext10                        text10       00737C
__ptext11                        text11       006AF0
__ptext12                        text12       006FB6
__ptext13                        text13       006A38
__ptext2                         text2        006E2E
__ptext3                         text3        00716A
__ptext4                         text4        006A42
__ptext5                         text5        006D28
__ptext6                         text6        006AAA
__ptext7                         text7        007B40
__ptext8                         text8        007716
__ptext9                         text9        006C24
__ramtop                         ramtop       000800
__smallconst                     smallconst   000000
_config_lcd                      text11       006AF0
_escrever_char                   text4        006A42
_escrever_num_frac               text2        006E2E
_floorf                          text3        00716A
_limpa_tela                      text1        006A5E
_main                            text0        006B42
config_lcd@F3795                 dataBANK0    000060
config_lcd@config                cstackCOMRAM 000001
config_lcd@i                     cstackCOMRAM 000008
end_of_initialization            cinit        006AA4
escrever_char@letra              cstackCOMRAM 000001
escrever_num_frac@aux            cstackCOMRAM 000050
escrever_num_frac@cont           cstackCOMRAM 000051
escrever_num_frac@digito         cstackCOMRAM 00004C
escrever_num_frac@numero         cstackCOMRAM 000041
escrever_num_frac@precisao       cstackCOMRAM 000045
floorf@F526                      bssCOMRAM    000058
floorf@e                         cstackCOMRAM 00000F
floorf@m                         cstackCOMRAM 00000B
floorf@u                         cstackCOMRAM 000011
floorf@x                         cstackCOMRAM 000001
intlevel0                        text         000000
intlevel1                        text         000000
intlevel2                        text         000000
intlevel3                        text         000000
isa$std                          (abs)        000001
isa$xinst                        (abs)        000000
main@valorTensaoDoSinalAnalogico cstackCOMRAM 000054
stackhi                          (abs)        000000
stacklo                          (abs)        000000
start                            init         000000
start_initialization             cinit        006A7C


MODULE INFORMATION

Module		Function		Class		Link	Load	Size
C:\Program Files\Microchip\xc8\v2.36\pic\sources\c99\common\sprcmul.c
		___flmul       		CODE           	7716	0000	1066

C:\Program Files\Microchip\xc8\v2.36\pic\sources\c99\common\sprcmul.c estimated size: 1066

C:\Program Files\Microchip\xc8\v2.36\pic\sources\c99\common\floorf.c
		_floorf        		CODE           	716A	0000	530

C:\Program Files\Microchip\xc8\v2.36\pic\sources\c99\common\floorf.c estimated size: 530

C:\Program Files\Microchip\xc8\v2.36\pic\sources\c99\common\sprcdiv.c
		___fldiv       		CODE           	737C	0000	922

C:\Program Files\Microchip\xc8\v2.36\pic\sources\c99\common\sprcdiv.c estimated size: 922

./lcd.h
		_escrever_char 		CODE           	6A42	0000	28
		_escrever_num_frac		CODE           	6E2E	0000	392
		_PIC_init      		CODE           	6A38	0000	10
		_config_lcd    		CODE           	6AF0	0000	82
		_limpa_tela    		CODE           	6A5E	0000	30

./lcd.h estimated size: 542

C:\Program Files\Microchip\xc8\v2.36\pic\sources\c99\common\xxtofl.c
		___xxtofl      		CODE           	6FB6	0000	436

C:\Program Files\Microchip\xc8\v2.36\pic\sources\c99\common\xxtofl.c estimated size: 436

C:\Program Files\Microchip\xc8\v2.36\pic\sources\c99\common\sprcadd.c
		___flsub       		CODE           	6AAA	0000	70
		___fladd       		CODE           	7B40	0000	1216

C:\Program Files\Microchip\xc8\v2.36\pic\sources\c99\common\sprcadd.c estimated size: 1286

C:\Program Files\Microchip\xc8\v2.36\pic\sources\c99\common\fltol.c
		___fltol       		CODE           	6D28	0000	262

C:\Program Files\Microchip\xc8\v2.36\pic\sources\c99\common\fltol.c estimated size: 262

shared
		__initialization		CODE           	6A7C	0000	40

shared estimated size: 40

C:\Program Files\Microchip\xc8\v2.36\pic\sources\c99\common\flge.c
		___flge        		CODE           	6C24	0000	260

C:\Program Files\Microchip\xc8\v2.36\pic\sources\c99\common\flge.c estimated size: 260

main.c
		_main          		CODE           	6B42	0000	226

main.c estimated size: 226

