Microchip MPLAB XC8 Compiler V2.36

Linker command line:

-W-3 --edf=C:\Program Files\Microchip\xc8\v2.36\pic\dat\en_msgs.txt -cn \
  -h+dist/default/production\Projeto-MA.X.production.sym \
  --cmf=dist/default/production\Projeto-MA.X.production.cmf -z -Q18F4550 \
  -oC:\Users\gaabriel\AppData\Local\Temp\xcAsbq8.4 --defsym=__MPLAB_BUILD=1 \
  -Mdist/default/production/Projeto-MA.X.production.map \
  --md=C:\Users\gaabriel\AppData\Local\Temp\xcAsbq8.dat -E1 \
  -ver=XC8 Compiler --acfsm=1493 -ACODE=00h-07FFFh -ACONST=00h-07FFFh \
  -ASMALLCONST=0800h-08FFhx120 -AMEDIUMCONST=0800h-07FFFh -ACOMRAM=01h-05Fh \
  -AABS1=00h-07FFh -ABIGRAM=01h-07FFh -ARAM=060h-0FFh,0100h-01FFhx7 \
  -ABANK0=060h-0FFh -ABANK1=0100h-01FFh -ABANK2=0200h-02FFh \
  -ABANK3=0300h-03FFh -ABANK4=0400h-04FFh -ABANK5=0500h-05FFh \
  -ABANK6=0600h-06FFh -ABANK7=0700h-07FFh -ASFR=0F60h-0FFFh \
  -ABIGSFR=0F60h-0FFFh -ACONFIG=0300000h-030000Dh -AIDLOC=0200000h-0200007h \
  -AEEDATA=0F00000h-0F000FFh -peeprom_data=EEDATA \
  -preset_vec=00h,intcode=08h,intcodelo,powerup,init -pramtop=0800h \
  -psmallconst=SMALLCONST -pmediumconst=MEDIUMCONST -pconst=CONST \
  -AFARRAM=00h-00h \
  -prdata=COMRAM,nvrram=COMRAM,nvbit=COMRAM,rbss=COMRAM,rbit=COMRAM \
  -pfarbss=FARRAM,fardata=FARRAM,nvFARRAM=FARRAM \
  -pintsave_regs=BIGRAM,bigbss=BIGRAM,bigdata=BIGRAM -pbss=RAM \
  -pidata=CODE,irdata=CODE,ibigdata=CODE,ifardata=CODE -prparam=COMRAM \
  C:\Users\gaabriel\AppData\Local\Temp\xcAsbq8.o \
  dist/default/production\Projeto-MA.X.production.o 

Object code version is 3.11

Machine type is 18F4550



                Name                               Link     Load   Length Selector   Space Scale
C:\Users\gaabriel\AppData\Local\Temp\xcAsbq8.o
                idloc                            200000   200000        8        0       5
                config                           300000   300000        E        0       4
                init                                  E        E        4        4       0
                reset_vec                             0        0        4        0       0
dist/default/production\Projeto-MA.X.production.o
                intcode                               8        8        6        4       0
                idloc                            200000   200000        8        0       5
                config                           300000   300000        E        0       4
                temp                                 5A       5A        1        1       1
                smallconst                          800      800       12      400       0
                intcode_body                       1F14     1F14       4C      409       0
                text17                             2064     2064        A      409       0
                text16                             18C6     18C6      1B4      409       0
                text15                             1EC2     1EC2       52      409       0
                text14                             200A     200A       20      409       0
                text13                             1FA6     1FA6       3A      409       0
                text12                             1E0C     1E0C       5C      409       0
                text11                             10FC     10FC      39A      409       0
                text10                             1D08     1D08      104      409       0
                text9                               CD2      CD2      42A      409       0
                text8                               812      812      4C0      409       0
                text7                              1F60     1F60       46      409       0
                text6                              1C02     1C02      106      409       0
                text5                              2048     2048       1C      409       0
                text4                              16B4     16B4      212      409       0
                text3                              1A7A     1A7A      188      409       0
                text2                              1FE0     1FE0       2A      409       0
                text1                              202A     202A       1E      409       0
                text0                              1496     1496      21E      409       0
                cstackCOMRAM                          1        1       51        1       1
                dataBANK0                            60       60        7       60       1
                dataCOMRAM                           56       56        4        1       1
                bssCOMRAM                            52       52        4        1       1
                cinit                              1E68     1E68       5A      409       0
                idataBANK0                         206E     206E        7      409       0
                idataCOMRAM                        2075     2075        4      409       0

TOTAL           Name                               Link     Load   Length     Space
        CLASS   CODE           
                intcode                               8        8        6         0
                init                                  E        E        4         0
                reset_vec                             0        0        4         0
                intcode_body                       1F14     1F14       4C         0
                text17                             2064     2064        A         0
                text16                             18C6     18C6      1B4         0
                text15                             1EC2     1EC2       52         0
                text14                             200A     200A       20         0
                text13                             1FA6     1FA6       3A         0
                text12                             1E0C     1E0C       5C         0
                text11                             10FC     10FC      39A         0
                text10                             1D08     1D08      104         0
                text9                               CD2      CD2      42A         0
                text8                               812      812      4C0         0
                text7                              1F60     1F60       46         0
                text6                              1C02     1C02      106         0
                text5                              2048     2048       1C         0
                text4                              16B4     16B4      212         0
                text3                              1A7A     1A7A      188         0
                text2                              1FE0     1FE0       2A         0
                text1                              202A     202A       1E         0
                text0                              1496     1496      21E         0
                cinit                              1E68     1E68       5A         0
                idataBANK0                         206E     206E        7         0
                idataCOMRAM                        2075     2075        4         0

        CLASS   CONST          

        CLASS   SMALLCONST     
                smallconst                          800      800       12         0

        CLASS   MEDIUMCONST    

        CLASS   COMRAM         
                temp                                 5A       5A        1         1
                cstackCOMRAM                          1        1       51         1
                dataCOMRAM                           56       56        4         1
                bssCOMRAM                            52       52        4         1

        CLASS   ABS1           

        CLASS   BIGRAM         

        CLASS   RAM            

        CLASS   BANK0          
                dataBANK0                            60       60        7         1

        CLASS   BANK1          

        CLASS   BANK2          

        CLASS   BANK3          

        CLASS   BANK4          

        CLASS   BANK5          

        CLASS   BANK6          

        CLASS   BANK7          

        CLASS   SFR            

        CLASS   BIGSFR         

        CLASS   CONFIG         
                config                           300000   300000        E         4

        CLASS   IDLOC          
                idloc                            200000   200000        8         5

        CLASS   EEDATA         

        CLASS   FARRAM         

        CLASS   HEAP           

        CLASS   STACK          



SEGMENTS        Name                           Load    Length   Top    Selector   Space  Class

                reset_vec                      000000  000004  000004         0       0  CODE    
                cstackCOMRAM                   000001  00005A  00005B         1       1  COMRAM  
                intcode                        000008  00000A  000012         4       0  CODE    
                dataBANK0                      000060  000007  000067        60       1  BANK0   
                smallconst                     000800  000012  000812       400       0  SMALLCON
                text8                          000812  001867  002079       409       0  CODE    


UNUSED ADDRESS RANGES

        Name                Unused          Largest block    Delta
        BANK0            000067-0000FF               99
        BANK1            000100-0001FF              100
        BANK2            000200-0002FF              100
        BANK3            000300-0003FF              100
        BANK4            000400-0004FF              100
        BANK5            000500-0005FF              100
        BANK6            000600-0006FF              100
        BANK7            000700-0007FF              100
        BIGRAM           00005B-00005F                5
                         000067-0007FF              799
        BIGSFR           000F60-000FFF               A0
        CODE             000004-000007                4
                         000012-0007FF              7EE
                         002079-007FFF             5F87
        COMRAM           00005B-00005F                5
        CONST            000004-000007                4
                         000012-0007FF              7EE
                         002079-007FFF             5F87
        EEDATA           F00000-F000FF              100
        MEDIUMCONST      002079-007FFF             5F87
        RAM              000067-0007FF              100
        SFR              000F60-000FFF               A0
        SMALLCONST       002079-007FFF              100

                                  Symbol Table

?___fladd                        cstackCOMRAM 000001
?___fldiv                        cstackCOMRAM 00001A
?___flmul                        cstackCOMRAM 000001
?___flsub                        cstackCOMRAM 000011
?___fltol                        cstackCOMRAM 000001
?___xxtofl                       cstackCOMRAM 000001
?_floorf                         cstackCOMRAM 000001
?_strlen                         cstackCOMRAM 000001
_ADCON0                          (abs)        000FC2
_ADCON0bits                      (abs)        000FC2
_ADCON1                          (abs)        000FC1
_ADCON2                          (abs)        000FC0
_ADRESH                          (abs)        000FC4
_ADRESL                          (abs)        000FC3
_INTCON2bits                     (abs)        000FF1
_INTCON3bits                     (abs)        000FF0
_INTCONbits                      (abs)        000FF2
_PIC_init                        text17       002064
_PORTCbits                       (abs)        000F82
_PORTD                           (abs)        000F83
_PORTEbits                       (abs)        000F84
_RCONbits                        (abs)        000FD0
_TRISC                           (abs)        000F94
_TRISD                           (abs)        000F95
_TRISE                           (abs)        000F96
__HRAM                           (abs)        000000
__Habs1                          abs1         000000
__Hbank0                         bank0        000000
__Hbank1                         bank1        000000
__Hbank2                         bank2        000000
__Hbank3                         bank3        000000
__Hbank4                         bank4        000000
__Hbank5                         bank5        000000
__Hbank6                         bank6        000000
__Hbank7                         bank7        000000
__Hbigbss                        bigbss       000000
__Hbigdata                       bigdata      000000
__Hbigram                        bigram       000000
__Hbigsfr                        bigsfr       000000
__Hbss                           bss          000000
__HbssCOMRAM                     bssCOMRAM    000000
__Hcinit                         cinit        000000
__Hclrtext                       clrtext      000000
__Hcomram                        comram       000000
__Hconfig                        config       30000E
__Hconst                         const        000000
__HcstackCOMRAM                  cstackCOMRAM 000000
__Hdata                          data         000000
__HdataBANK0                     dataBANK0    000000
__HdataCOMRAM                    dataCOMRAM   000000
__Heeprom_data                   eeprom_data  000000
__Hfarbss                        farbss       000000
__Hfardata                       fardata      000000
__Hheap                          heap         000000
__Hibigdata                      ibigdata     000000
__Hidata                         idata        000000
__HidataBANK0                    idataBANK0   000000
__HidataCOMRAM                   idataCOMRAM  000000
__Hidloc                         idloc        200008
__Hifardata                      ifardata     000000
__Hinit                          init         000012
__Hintcode                       intcode      00000E
__Hintcode_body                  intcode_body 000000
__Hintcodelo                     intcodelo    00000E
__Hintentry                      intentry     000000
__Hintret                        intret       000000
__Hintsave_regs                  intsave_regs 000000
__Hirdata                        irdata       000000
__Hmediumconst                   mediumconst  000000
__HnvFARRAM                      nvFARRAM     000000
__Hnvbit                         nvbit        000000
__Hnvrram                        nvrram       000000
__Hparam                         rparam       000000
__Hpowerup                       powerup      00000E
__Hram                           ram          000000
__Hramtop                        ramtop       000800
__Hrbit                          rbit         000000
__Hrbss                          rbss         000000
__Hrdata                         rdata        000000
__Hreset_vec                     reset_vec    000004
__Hrparam                        rparam       000000
__Hsfr                           sfr          000000
__Hsmallconst                    smallconst   000812
__Hspace_0                       (abs)        002079
__Hspace_1                       (abs)        000067
__Hspace_2                       (abs)        000000
__Hspace_4                       (abs)        60000E
__Hstack                         stack        000000
__Hstruct                        struct       000000
__Htemp                          temp         00005B
__Htext                          text         000000
__Htext0                         text0        000000
__Htext1                         text1        000000
__Htext10                        text10       000000
__Htext11                        text11       000000
__Htext12                        text12       000000
__Htext13                        text13       000000
__Htext14                        text14       000000
__Htext15                        text15       000000
__Htext16                        text16       000000
__Htext17                        text17       000000
__Htext2                         text2        000000
__Htext3                         text3        000000
__Htext4                         text4        000000
__Htext5                         text5        000000
__Htext6                         text6        000000
__Htext7                         text7        000000
__Htext8                         text8        000000
__Htext9                         text9        000000
__LRAM                           (abs)        000001
__Labs1                          abs1         000000
__Lbank0                         bank0        000000
__Lbank1                         bank1        000000
__Lbank2                         bank2        000000
__Lbank3                         bank3        000000
__Lbank4                         bank4        000000
__Lbank5                         bank5        000000
__Lbank6                         bank6        000000
__Lbank7                         bank7        000000
__Lbigbss                        bigbss       000000
__Lbigdata                       bigdata      000000
__Lbigram                        bigram       000000
__Lbigsfr                        bigsfr       000000
__Lbss                           bss          000000
__LbssCOMRAM                     bssCOMRAM    000000
__Lcinit                         cinit        000000
__Lclrtext                       clrtext      000000
__Lcomram                        comram       000000
__Lconfig                        config       000000
__Lconst                         const        000000
__LcstackCOMRAM                  cstackCOMRAM 000000
__Ldata                          data         000000
__LdataBANK0                     dataBANK0    000000
__LdataCOMRAM                    dataCOMRAM   000000
__Leeprom_data                   eeprom_data  000000
__Lfarbss                        farbss       000000
__Lfardata                       fardata      000000
__Lheap                          heap         000000
__Libigdata                      ibigdata     000000
__Lidata                         idata        000000
__LidataBANK0                    idataBANK0   000000
__LidataCOMRAM                   idataCOMRAM  000000
__Lidloc                         idloc        000000
__Lifardata                      ifardata     000000
__Linit                          init         00000E
__Lintcode                       intcode      000008
__Lintcode_body                  intcode_body 000000
__Lintcodelo                     intcodelo    00000E
__Lintentry                      intentry     000000
__Lintret                        intret       000000
__Lintsave_regs                  intsave_regs 000000
__Lirdata                        irdata       000000
__Lmediumconst                   mediumconst  000000
__LnvFARRAM                      nvFARRAM     000000
__Lnvbit                         nvbit        000000
__Lnvrram                        nvrram       000000
__Lparam                         rparam       000000
__Lpowerup                       powerup      00000E
__Lram                           ram          000000
__Lramtop                        ramtop       000800
__Lrbit                          rbit         000000
__Lrbss                          rbss         000000
__Lrdata                         rdata        000000
__Lreset_vec                     reset_vec    000000
__Lrparam                        rparam       000000
__Lsfr                           sfr          000000
__Lsmallconst                    smallconst   000800
__Lspace_0                       (abs)        000000
__Lspace_1                       (abs)        000000
__Lspace_2                       (abs)        000000
__Lspace_4                       (abs)        000000
__Lstack                         stack        000000
__Lstruct                        struct       000000
__Ltemp                          temp         00005A
__Ltext                          text         000000
__Ltext0                         text0        000000
__Ltext1                         text1        000000
__Ltext10                        text10       000000
__Ltext11                        text11       000000
__Ltext12                        text12       000000
__Ltext13                        text13       000000
__Ltext14                        text14       000000
__Ltext15                        text15       000000
__Ltext16                        text16       000000
__Ltext17                        text17       000000
__Ltext2                         text2        000000
__Ltext3                         text3        000000
__Ltext4                         text4        000000
__Ltext5                         text5        000000
__Ltext6                         text6        000000
__Ltext7                         text7        000000
__Ltext8                         text8        000000
__Ltext9                         text9        000000
__S0                             (abs)        002079
__S1                             (abs)        000067
__S4                             (abs)        000000
__S5                             (abs)        000000
___fladd                         text8        000812
___fladd@a                       cstackCOMRAM 000005
___fladd@aexp                    cstackCOMRAM 00000E
___fladd@b                       cstackCOMRAM 000001
___fladd@bexp                    cstackCOMRAM 00000F
___fladd@grs                     cstackCOMRAM 000010
___fladd@signs                   cstackCOMRAM 00000D
___fldiv                         text11       0010FC
___fldiv@a                       cstackCOMRAM 00001E
___fldiv@aexp                    cstackCOMRAM 000032
___fldiv@b                       cstackCOMRAM 00001A
___fldiv@bexp                    cstackCOMRAM 000031
___fldiv@grs                     cstackCOMRAM 00002D
___fldiv@new_exp                 cstackCOMRAM 00002B
___fldiv@rem                     cstackCOMRAM 000026
___fldiv@sign                    cstackCOMRAM 00002A
___flge                          text10       001D08
___flge@ff1                      cstackCOMRAM 00000F
___flge@ff2                      cstackCOMRAM 000013
___flmul                         text9        000CD2
___flmul@a                       cstackCOMRAM 000005
___flmul@aexp                    cstackCOMRAM 000012
___flmul@b                       cstackCOMRAM 000001
___flmul@bexp                    cstackCOMRAM 000013
___flmul@grs                     cstackCOMRAM 00000E
___flmul@prod                    cstackCOMRAM 000014
___flmul@sign                    cstackCOMRAM 00000D
___flmul@temp                    cstackCOMRAM 000018
___flsub                         text7        001F60
___flsub@a                       cstackCOMRAM 000015
___flsub@b                       cstackCOMRAM 000011
___fltol                         text6        001C02
___fltol@exp1                    cstackCOMRAM 00000A
___fltol@f1                      cstackCOMRAM 000001
___fltol@sign1                   cstackCOMRAM 000009
___heap_hi                       (abs)        000000
___heap_lo                       (abs)        000000
___inthi_sp                      stack        000000
___intlo_sp                      stack        000000
___param_bank                    (abs)        000000
___rparam_used                   (abs)        000001
___sp                            stack        000000
___xxtofl                        text16       0018C6
___xxtofl@arg                    cstackCOMRAM 00000B
___xxtofl@exp                    cstackCOMRAM 00000A
___xxtofl@sign                   cstackCOMRAM 000009
___xxtofl@val                    cstackCOMRAM 000001
__accesstop                      (abs)        000060
__activetblptr                   (abs)        000001
__end_of_PIC_init                text17       00206E
__end_of___fladd                 text8        000CD2
__end_of___fldiv                 text11       001496
__end_of___flge                  text10       001E0C
__end_of___flmul                 text9        0010FC
__end_of___flsub                 text7        001FA6
__end_of___fltol                 text6        001D08
__end_of___xxtofl                text16       001A7A
__end_of__initialization         cinit        001EB0
__end_of_config_lcd              text15       001F14
__end_of_cursor_lcd_pos          text14       00202A
__end_of_escrever_char           text5        002064
__end_of_escrever_lcd            text12       001E68
__end_of_escrever_num_frac       text3        001C02
__end_of_escrever_temperatura    text2        00200A
__end_of_floorf                  text4        0018C6
__end_of_isr_inter               intcode_body 001F60
__end_of_limpa_tela              text1        002048
__end_of_main                    text0        0016B4
__end_of_strlen                  text13       001FE0
__initialization                 cinit        001E68
__mediumconst                    mediumconst  000000
__pbssCOMRAM                     bssCOMRAM    000052
__pcinit                         cinit        001E68
__pcstackCOMRAM                  cstackCOMRAM 000001
__pdataBANK0                     dataBANK0    000060
__pdataCOMRAM                    dataCOMRAM   000056
__pidataBANK0                    idataBANK0   00206E
__pidataCOMRAM                   idataCOMRAM  002075
__pintcode                       intcode      000008
__pintcode_body                  intcode_body 001F14
__psmallconst                    smallconst   000800
__ptext0                         text0        001496
__ptext1                         text1        00202A
__ptext10                        text10       001D08
__ptext11                        text11       0010FC
__ptext12                        text12       001E0C
__ptext13                        text13       001FA6
__ptext14                        text14       00200A
__ptext15                        text15       001EC2
__ptext16                        text16       0018C6
__ptext17                        text17       002064
__ptext2                         text2        001FE0
__ptext3                         text3        001A7A
__ptext4                         text4        0016B4
__ptext5                         text5        002048
__ptext6                         text6        001C02
__ptext7                         text7        001F60
__ptext8                         text8        000812
__ptext9                         text9        000CD2
__ramtop                         ramtop       000800
__smallconst                     smallconst   000800
_config_lcd                      text15       001EC2
_cursor_lcd_pos                  text14       00200A
_escrever_char                   text5        002048
_escrever_lcd                    text12       001E0C
_escrever_num_frac               text3        001A7A
_escrever_temperatura            text2        001FE0
_floorf                          text4        0016B4
_intervaloOffColer               dataCOMRAM   000056
_isr_inter                       intcode      000008
_limpa_tela                      text1        00202A
_main                            text0        001496
_strlen                          text13       001FA6
_temperaturaMax                  dataCOMRAM   000058
btemp                            temp         00005A
config_lcd@F3810                 dataBANK0    000060
config_lcd@config                cstackCOMRAM 000001
config_lcd@i                     cstackCOMRAM 000008
cursor_lcd_pos@posicao           cstackCOMRAM 000001
end_of_initialization            cinit        001EB0
escrever_char@letra              cstackCOMRAM 000001
escrever_lcd@i                   cstackCOMRAM 00000A
escrever_lcd@length              cstackCOMRAM 000009
escrever_lcd@texto               cstackCOMRAM 000005
escrever_num_frac@aux            cstackCOMRAM 000042
escrever_num_frac@cont           cstackCOMRAM 000043
escrever_num_frac@digito         cstackCOMRAM 00003E
escrever_num_frac@numero         cstackCOMRAM 000033
escrever_num_frac@precisao       cstackCOMRAM 000037
escrever_temperatura@precisao    cstackCOMRAM 000048
escrever_temperatura@temperatura cstackCOMRAM 000044
floorf@F526                      bssCOMRAM    000052
floorf@e                         cstackCOMRAM 00000F
floorf@m                         cstackCOMRAM 00000B
floorf@u                         cstackCOMRAM 000011
floorf@x                         cstackCOMRAM 000001
int$flags                        temp         00005A
int_func                         intcode_body 001F14
intlevel0                        text         000000
intlevel1                        text         000000
intlevel2                        text         000000
intlevel3                        text         000000
isa$std                          (abs)        000001
isa$xinst                        (abs)        000000
main@temperaturaAtual            cstackCOMRAM 00004E
stackhi                          (abs)        000000
stacklo                          (abs)        000000
start                            init         00000E
start_initialization             cinit        001E68
strlen@a                         cstackCOMRAM 000003
strlen@s                         cstackCOMRAM 000001
ttemp5                           temp         00005B
ttemp6                           temp         00005E
ttemp7                           temp         000062
wtemp8                           temp         00005B


MODULE INFORMATION

Module		Function		Class		Link	Load	Size
C:\Program Files\Microchip\xc8\v2.36\pic\sources\c99\common\sprcmul.c
		___flmul       		CODE           	0CD2	0000	1066

C:\Program Files\Microchip\xc8\v2.36\pic\sources\c99\common\sprcmul.c estimated size: 1066

C:\Program Files\Microchip\xc8\v2.36\pic\sources\c99\common\floorf.c
		_floorf        		CODE           	16B4	0000	530

C:\Program Files\Microchip\xc8\v2.36\pic\sources\c99\common\floorf.c estimated size: 530

C:\Program Files\Microchip\xc8\v2.36\pic\sources\c99\common\sprcdiv.c
		___fldiv       		CODE           	10FC	0000	922

C:\Program Files\Microchip\xc8\v2.36\pic\sources\c99\common\sprcdiv.c estimated size: 922

./lcd.h
		_escrever_lcd  		CODE           	1E0C	0000	92
		_escrever_temperatura		CODE           	1FE0	0000	42
		_escrever_char 		CODE           	2048	0000	28
		_escrever_num_frac		CODE           	1A7A	0000	392
		_cursor_lcd_pos		CODE           	200A	0000	32
		_PIC_init      		CODE           	2064	0000	10
		_config_lcd    		CODE           	1EC2	0000	82
		_limpa_tela    		CODE           	202A	0000	30

./lcd.h estimated size: 708

C:\Program Files\Microchip\xc8\v2.36\pic\sources\c99\common\xxtofl.c
		___xxtofl      		CODE           	18C6	0000	436

C:\Program Files\Microchip\xc8\v2.36\pic\sources\c99\common\xxtofl.c estimated size: 436

C:\Program Files\Microchip\xc8\v2.36\pic\sources\c99\common\strlen.c
		_strlen        		CODE           	1FA6	0000	58

C:\Program Files\Microchip\xc8\v2.36\pic\sources\c99\common\strlen.c estimated size: 58

C:\Program Files\Microchip\xc8\v2.36\pic\sources\c99\common\sprcadd.c
		___flsub       		CODE           	1F60	0000	70
		___fladd       		CODE           	0812	0000	1216

C:\Program Files\Microchip\xc8\v2.36\pic\sources\c99\common\sprcadd.c estimated size: 1286

C:\Program Files\Microchip\xc8\v2.36\pic\sources\c99\common\fltol.c
		___fltol       		CODE           	1C02	0000	262

C:\Program Files\Microchip\xc8\v2.36\pic\sources\c99\common\fltol.c estimated size: 262

shared
		__initialization		CODE           	1E68	0000	72

shared estimated size: 72

C:\Program Files\Microchip\xc8\v2.36\pic\sources\c99\common\flge.c
		___flge        		CODE           	1D08	0000	260

C:\Program Files\Microchip\xc8\v2.36\pic\sources\c99\common\flge.c estimated size: 260

main.c
		_main          		CODE           	1496	0000	542
		_isr_inter     		CODE           	0008	0000	82

main.c estimated size: 624

